// Jest Snapshot v1, https://goo.gl/fbAQLP

exports[`Header should match snapshot 1`] = `
ShallowWrapper {
  Symbol(enzyme.__root__): [Circular],
  Symbol(enzyme.__unrendered__): <Header />,
  Symbol(enzyme.__renderer__): Object {
    "batchedUpdates": [Function],
    "checkPropTypes": [Function],
    "getNode": [Function],
    "render": [Function],
    "simulateError": [Function],
    "simulateEvent": [Function],
    "unmount": [Function],
  },
  Symbol(enzyme.__node__): Object {
    "instance": null,
    "key": undefined,
    "nodeType": "host",
    "props": Object {
      "children": Array [
        <div
          className="main-header-container"
        >
          <img
            alt="marvel logo"
            className="header-img"
            src="https://upload.wikimedia.org/wikipedia/commons/thumb/0/04/MarvelLogo.svg/1200px-MarvelLogo.svg.png"
          />
          <h1
            className="header-text"
          >
            Tracker
          </h1>
        </div>,
        <div
          className="controls"
        >
          <nav>
            Home
          </nav>
          <nav>
            Favorites
          </nav>
          <button
            onClick={[Function]}
          >
            Logout
          </button>
        </div>,
      ],
    },
    "ref": null,
    "rendered": Array [
      Object {
        "instance": null,
        "key": undefined,
        "nodeType": "host",
        "props": Object {
          "children": Array [
            <img
              alt="marvel logo"
              className="header-img"
              src="https://upload.wikimedia.org/wikipedia/commons/thumb/0/04/MarvelLogo.svg/1200px-MarvelLogo.svg.png"
            />,
            <h1
              className="header-text"
            >
              Tracker
            </h1>,
          ],
          "className": "main-header-container",
        },
        "ref": null,
        "rendered": Array [
          Object {
            "instance": null,
            "key": undefined,
            "nodeType": "host",
            "props": Object {
              "alt": "marvel logo",
              "className": "header-img",
              "src": "https://upload.wikimedia.org/wikipedia/commons/thumb/0/04/MarvelLogo.svg/1200px-MarvelLogo.svg.png",
            },
            "ref": null,
            "rendered": null,
            "type": "img",
          },
          Object {
            "instance": null,
            "key": undefined,
            "nodeType": "host",
            "props": Object {
              "children": "Tracker",
              "className": "header-text",
            },
            "ref": null,
            "rendered": "Tracker",
            "type": "h1",
          },
        ],
        "type": "div",
      },
      Object {
        "instance": null,
        "key": undefined,
        "nodeType": "host",
        "props": Object {
          "children": Array [
            <nav>
              Home
            </nav>,
            <nav>
              Favorites
            </nav>,
            <button
              onClick={[Function]}
            >
              Logout
            </button>,
          ],
          "className": "controls",
        },
        "ref": null,
        "rendered": Array [
          Object {
            "instance": null,
            "key": undefined,
            "nodeType": "host",
            "props": Object {
              "children": "Home",
            },
            "ref": null,
            "rendered": "Home",
            "type": "nav",
          },
          Object {
            "instance": null,
            "key": undefined,
            "nodeType": "host",
            "props": Object {
              "children": "Favorites",
            },
            "ref": null,
            "rendered": "Favorites",
            "type": "nav",
          },
          Object {
            "instance": null,
            "key": undefined,
            "nodeType": "host",
            "props": Object {
              "children": "Logout",
              "onClick": [Function],
            },
            "ref": null,
            "rendered": "Logout",
            "type": "button",
          },
        ],
        "type": "div",
      },
    ],
    "type": "header",
  },
  Symbol(enzyme.__nodes__): Array [
    Object {
      "instance": null,
      "key": undefined,
      "nodeType": "host",
      "props": Object {
        "children": Array [
          <div
            className="main-header-container"
          >
            <img
              alt="marvel logo"
              className="header-img"
              src="https://upload.wikimedia.org/wikipedia/commons/thumb/0/04/MarvelLogo.svg/1200px-MarvelLogo.svg.png"
            />
            <h1
              className="header-text"
            >
              Tracker
            </h1>
          </div>,
          <div
            className="controls"
          >
            <nav>
              Home
            </nav>
            <nav>
              Favorites
            </nav>
            <button
              onClick={[Function]}
            >
              Logout
            </button>
          </div>,
        ],
      },
      "ref": null,
      "rendered": Array [
        Object {
          "instance": null,
          "key": undefined,
          "nodeType": "host",
          "props": Object {
            "children": Array [
              <img
                alt="marvel logo"
                className="header-img"
                src="https://upload.wikimedia.org/wikipedia/commons/thumb/0/04/MarvelLogo.svg/1200px-MarvelLogo.svg.png"
              />,
              <h1
                className="header-text"
              >
                Tracker
              </h1>,
            ],
            "className": "main-header-container",
          },
          "ref": null,
          "rendered": Array [
            Object {
              "instance": null,
              "key": undefined,
              "nodeType": "host",
              "props": Object {
                "alt": "marvel logo",
                "className": "header-img",
                "src": "https://upload.wikimedia.org/wikipedia/commons/thumb/0/04/MarvelLogo.svg/1200px-MarvelLogo.svg.png",
              },
              "ref": null,
              "rendered": null,
              "type": "img",
            },
            Object {
              "instance": null,
              "key": undefined,
              "nodeType": "host",
              "props": Object {
                "children": "Tracker",
                "className": "header-text",
              },
              "ref": null,
              "rendered": "Tracker",
              "type": "h1",
            },
          ],
          "type": "div",
        },
        Object {
          "instance": null,
          "key": undefined,
          "nodeType": "host",
          "props": Object {
            "children": Array [
              <nav>
                Home
              </nav>,
              <nav>
                Favorites
              </nav>,
              <button
                onClick={[Function]}
              >
                Logout
              </button>,
            ],
            "className": "controls",
          },
          "ref": null,
          "rendered": Array [
            Object {
              "instance": null,
              "key": undefined,
              "nodeType": "host",
              "props": Object {
                "children": "Home",
              },
              "ref": null,
              "rendered": "Home",
              "type": "nav",
            },
            Object {
              "instance": null,
              "key": undefined,
              "nodeType": "host",
              "props": Object {
                "children": "Favorites",
              },
              "ref": null,
              "rendered": "Favorites",
              "type": "nav",
            },
            Object {
              "instance": null,
              "key": undefined,
              "nodeType": "host",
              "props": Object {
                "children": "Logout",
                "onClick": [Function],
              },
              "ref": null,
              "rendered": "Logout",
              "type": "button",
            },
          ],
          "type": "div",
        },
      ],
      "type": "header",
    },
  ],
  Symbol(enzyme.__options__): Object {
    "adapter": ReactSixteenAdapter {
      "options": Object {
        "enableComponentDidUpdateOnSetState": true,
        "legacyContextMode": "parent",
        "lifecycles": Object {
          "componentDidUpdate": Object {
            "onSetState": true,
          },
          "getChildContext": Object {
            "calledByRenderer": false,
          },
          "getDerivedStateFromProps": Object {
            "hasShouldComponentUpdateBug": false,
          },
          "getSnapshotBeforeUpdate": true,
          "setState": Object {
            "skipsComponentDidUpdateOnNullish": true,
          },
        },
      },
    },
  },
  Symbol(enzyme.__childContext__): null,
}
`;
